[INFO] Scanning for projects...
[INFO] 
[INFO] -------------------< galacticos_app_back:galacticos >-------------------
[INFO] Building galacticos 0.0.1-SNAPSHOT
[INFO]   from pom.xml
[INFO] --------------------------------[ jar ]---------------------------------
[INFO] 
[INFO] --- clean:3.4.1:clean (default-clean) @ galacticos ---
[INFO] Deleting C:\Users\Admin\Documents\GitHub\back-voley\target
[INFO] 
[INFO] --- resources:3.3.1:resources (default-resources) @ galacticos ---
[INFO] Copying 2 resources from src\main\resources to target\classes
[INFO] Copying 2 resources from src\main\resources to target\classes
[INFO] 
[INFO] --- compiler:3.14.1:compile (default-compile) @ galacticos ---
[INFO] Recompiling the module because of changed source code.
[INFO] Compiling 141 source files with javac [debug parameters release 17] to target\classes
[INFO] /C:/Users/Admin/Documents/GitHub/back-voley/src/main/java/galacticos_app_back/galacticos/config/SecurityConfig.java: C:\Users\Admin\Documents\GitHub\back-voley\src\main\java\galacticos_app_back\galacticos\config\SecurityConfig.java uses or overrides a deprecated API.
[INFO] /C:/Users/Admin/Documents/GitHub/back-voley/src/main/java/galacticos_app_back/galacticos/config/SecurityConfig.java: Recompile with -Xlint:deprecation for details.
[INFO] ------------------------------------------------------------------------
[INFO] BUILD SUCCESS
[INFO] ------------------------------------------------------------------------
[INFO] Total time:  16.764 s
[INFO] Finished at: 2026-02-21T18:45:49-05:00
[INFO] ------------------------------------------------------------------------
